Archive member included because of file (symbol)

/usr/lib/gcc/avr/4.1.2/avr5/libgcc.a(_udivmodhi4.o)
                              blink.o (__udivmodhi4)
/usr/lib/gcc/avr/4.1.2/avr5/libgcc.a(_exit.o)
                              /usr/lib/gcc/avr/4.1.2/../../../../avr/lib/avr5/crtm168.o (exit)
/usr/lib/gcc/avr/4.1.2/avr5/libgcc.a(_copy_data.o)
                              blink.o (__do_copy_data)
/usr/lib/gcc/avr/4.1.2/avr5/libgcc.a(_clear_bss.o)
                              blink.o (__do_clear_bss)
/usr/lib/gcc/avr/4.1.2/avr5/libgcc.a(_addsub_sf.o)
                              blink.o (__addsf3)
/usr/lib/gcc/avr/4.1.2/avr5/libgcc.a(_si_to_sf.o)
                              blink.o (__floatsisf)
/usr/lib/gcc/avr/4.1.2/avr5/libgcc.a(_sf_to_si.o)
                              blink.o (__fixsfsi)
/usr/lib/gcc/avr/4.1.2/avr5/libgcc.a(_thenan_sf.o)
                              /usr/lib/gcc/avr/4.1.2/avr5/libgcc.a(_addsub_sf.o) (__thenan_sf)
/usr/lib/gcc/avr/4.1.2/avr5/libgcc.a(_prologue.o)
                              /usr/lib/gcc/avr/4.1.2/avr5/libgcc.a(_addsub_sf.o) (__prologue_saves__)
/usr/lib/gcc/avr/4.1.2/avr5/libgcc.a(_epilogue.o)
                              /usr/lib/gcc/avr/4.1.2/avr5/libgcc.a(_addsub_sf.o) (__epilogue_restores__)
/usr/lib/gcc/avr/4.1.2/avr5/libgcc.a(_pack_sf.o)
                              /usr/lib/gcc/avr/4.1.2/avr5/libgcc.a(_addsub_sf.o) (__pack_f)
/usr/lib/gcc/avr/4.1.2/avr5/libgcc.a(_unpack_sf.o)
                              /usr/lib/gcc/avr/4.1.2/avr5/libgcc.a(_addsub_sf.o) (__unpack_f)
/usr/lib/gcc/avr/4.1.2/../../../../avr/lib/avr5/libc.a(floor.o)
                              blink.o (floor)
/usr/lib/gcc/avr/4.1.2/../../../../avr/lib/avr5/libc.a(fp_merge.o)
                              /usr/lib/gcc/avr/4.1.2/../../../../avr/lib/avr5/libc.a(floor.o) (__fp_merge)
/usr/lib/gcc/avr/4.1.2/../../../../avr/lib/avr5/libc.a(fp_split.o)
                              /usr/lib/gcc/avr/4.1.2/../../../../avr/lib/avr5/libc.a(floor.o) (__fp_split_a)
/usr/lib/gcc/avr/4.1.2/../../../../avr/lib/avr5/libc.a(fp_zero.o)
                              /usr/lib/gcc/avr/4.1.2/../../../../avr/lib/avr5/libc.a(floor.o) (__fp_zero)
/usr/lib/gcc/avr/4.1.2/../../../../avr/lib/avr5/libc.a(fp_nan.o)
                              /usr/lib/gcc/avr/4.1.2/../../../../avr/lib/avr5/libc.a(fp_split.o) (__fp_nan)

Allocating common symbols
Common symbol       size              file

error               0x2               blink.o

Discarded input sections

 .stabstr       0x00000000        0x0 /usr/lib/gcc/avr/4.1.2/../../../../avr/lib/avr5/crtm168.o
 .stabstr       0x00000000        0x0 blink.o
 .stabstr       0x00000000        0x0 /usr/lib/gcc/avr/4.1.2/avr5/libgcc.a(_addsub_sf.o)
 .stabstr       0x00000000        0x0 /usr/lib/gcc/avr/4.1.2/avr5/libgcc.a(_si_to_sf.o)
 .stabstr       0x00000000        0x0 /usr/lib/gcc/avr/4.1.2/avr5/libgcc.a(_sf_to_si.o)
 .stabstr       0x00000000        0x0 /usr/lib/gcc/avr/4.1.2/avr5/libgcc.a(_thenan_sf.o)
 .stabstr       0x00000000        0x0 /usr/lib/gcc/avr/4.1.2/avr5/libgcc.a(_pack_sf.o)
 .stabstr       0x00000000        0x0 /usr/lib/gcc/avr/4.1.2/avr5/libgcc.a(_unpack_sf.o)
 .stabstr       0x00000000        0x0 /usr/lib/gcc/avr/4.1.2/../../../../avr/lib/avr5/libc.a(floor.o)
 .stabstr       0x00000000        0x0 /usr/lib/gcc/avr/4.1.2/../../../../avr/lib/avr5/libc.a(fp_merge.o)
 .stabstr       0x00000000        0x0 /usr/lib/gcc/avr/4.1.2/../../../../avr/lib/avr5/libc.a(fp_split.o)
 .stabstr       0x00000000        0x0 /usr/lib/gcc/avr/4.1.2/../../../../avr/lib/avr5/libc.a(fp_zero.o)
 .stabstr       0x00000000        0x0 /usr/lib/gcc/avr/4.1.2/../../../../avr/lib/avr5/libc.a(fp_nan.o)

Memory Configuration

Name             Origin             Length             Attributes
text             0x00000000         0x00020000         xr
data             0x00800060         0x0000ffa0         rw !x
eeprom           0x00810000         0x00010000         rw !x
*default*        0x00000000         0xffffffff

Linker script and memory map

Address of section .data set to 0x800100
LOAD /usr/lib/gcc/avr/4.1.2/../../../../avr/lib/avr5/crtm168.o
LOAD blink.o
LOAD /usr/lib/gcc/avr/4.1.2/avr5/libgcc.a
LOAD /usr/lib/gcc/avr/4.1.2/../../../../avr/lib/avr5/libc.a
LOAD /usr/lib/gcc/avr/4.1.2/avr5/libgcc.a

.hash
 *(.hash)

.dynsym
 *(.dynsym)

.dynstr
 *(.dynstr)

.gnu.version
 *(.gnu.version)

.gnu.version_d
 *(.gnu.version_d)

.gnu.version_r
 *(.gnu.version_r)

.rel.init
 *(.rel.init)

.rela.init
 *(.rela.init)

.rel.text
 *(.rel.text)
 *(.rel.text.*)
 *(.rel.gnu.linkonce.t*)

.rela.text
 *(.rela.text)
 *(.rela.text.*)
 *(.rela.gnu.linkonce.t*)

.rel.fini
 *(.rel.fini)

.rela.fini
 *(.rela.fini)

.rel.rodata
 *(.rel.rodata)
 *(.rel.rodata.*)
 *(.rel.gnu.linkonce.r*)

.rela.rodata
 *(.rela.rodata)
 *(.rela.rodata.*)
 *(.rela.gnu.linkonce.r*)

.rel.data
 *(.rel.data)
 *(.rel.data.*)
 *(.rel.gnu.linkonce.d*)

.rela.data
 *(.rela.data)
 *(.rela.data.*)
 *(.rela.gnu.linkonce.d*)

.rel.ctors
 *(.rel.ctors)

.rela.ctors
 *(.rela.ctors)

.rel.dtors
 *(.rel.dtors)

.rela.dtors
 *(.rela.dtors)

.rel.got
 *(.rel.got)

.rela.got
 *(.rela.got)

.rel.bss
 *(.rel.bss)

.rela.bss
 *(.rela.bss)

.rel.plt
 *(.rel.plt)

.rela.plt
 *(.rela.plt)

.text           0x00000000      0xb12
 *(.vectors)
 .vectors       0x00000000       0x68 /usr/lib/gcc/avr/4.1.2/../../../../avr/lib/avr5/crtm168.o
                0x00000000                __vectors
                0x00000000                __vector_default
 *(.vectors)
                0x00000068                __ctors_start = .
 *(.ctors)
                0x00000068                __ctors_end = .
                0x00000068                __dtors_start = .
 *(.dtors)
                0x00000068                __dtors_end = .
 SORT(*)(.ctors)
 SORT(*)(.dtors)
 *(.progmem.gcc*)
 *(.progmem*)
                0x00000068                . = ALIGN (0x2)
 *(.jumptables)
 *(.jumptables*)
 *(.lowtext)
 *(.lowtext*)
 *(.init0)
 .init0         0x00000068        0x0 /usr/lib/gcc/avr/4.1.2/../../../../avr/lib/avr5/crtm168.o
                0x00000068                __init
 *(.init0)
 *(.init1)
 *(.init1)
 *(.init2)
 .init2         0x00000068        0xc /usr/lib/gcc/avr/4.1.2/../../../../avr/lib/avr5/crtm168.o
 *(.init2)
 *(.init3)
 *(.init3)
 *(.init4)
 .init4         0x00000074       0x16 /usr/lib/gcc/avr/4.1.2/avr5/libgcc.a(_copy_data.o)
                0x00000074                __do_copy_data
 .init4         0x0000008a       0x10 /usr/lib/gcc/avr/4.1.2/avr5/libgcc.a(_clear_bss.o)
                0x0000008a                __do_clear_bss
 *(.init4)
 *(.init5)
 *(.init5)
 *(.init6)
 *(.init6)
 *(.init7)
 *(.init7)
 *(.init8)
 *(.init8)
 *(.init9)
 .init9         0x0000009a        0x8 /usr/lib/gcc/avr/4.1.2/../../../../avr/lib/avr5/crtm168.o
 *(.init9)
 *(.text)
 .text          0x000000a2        0x4 /usr/lib/gcc/avr/4.1.2/../../../../avr/lib/avr5/crtm168.o
                0x000000a2                __vector_22
                0x000000a2                __vector_1
                0x000000a2                __vector_24
                0x000000a2                __vector_12
                0x000000a2                __bad_interrupt
                0x000000a2                __vector_6
                0x000000a2                __vector_3
                0x000000a2                __vector_23
                0x000000a2                __vector_25
                0x000000a2                __vector_11
                0x000000a2                __vector_13
                0x000000a2                __vector_17
                0x000000a2                __vector_19
                0x000000a2                __vector_7
                0x000000a2                __vector_5
                0x000000a2                __vector_4
                0x000000a2                __vector_9
                0x000000a2                __vector_2
                0x000000a2                __vector_15
                0x000000a2                __vector_8
                0x000000a2                __vector_14
                0x000000a2                __vector_10
                0x000000a2                __vector_16
                0x000000a2                __vector_18
                0x000000a2                __vector_20
 .text          0x000000a6       0xfc blink.o
                0x000000d0                park
                0x000000a6                init
                0x000000c2                main
                0x00000144                __vector_21
 .text          0x000001a2        0x0 /usr/lib/gcc/avr/4.1.2/avr5/libgcc.a(_udivmodhi4.o)
 .text          0x000001a2        0x0 /usr/lib/gcc/avr/4.1.2/avr5/libgcc.a(_exit.o)
 .text          0x000001a2        0x0 /usr/lib/gcc/avr/4.1.2/avr5/libgcc.a(_copy_data.o)
 .text          0x000001a2        0x0 /usr/lib/gcc/avr/4.1.2/avr5/libgcc.a(_clear_bss.o)
 .text          0x000001a2      0x316 /usr/lib/gcc/avr/4.1.2/avr5/libgcc.a(_addsub_sf.o)
                0x000003fc                __subsf3
                0x0000045e                __addsf3
 .text          0x000004b8       0xd2 /usr/lib/gcc/avr/4.1.2/avr5/libgcc.a(_si_to_sf.o)
                0x000004b8                __floatsisf
 .text          0x0000058a       0xa0 /usr/lib/gcc/avr/4.1.2/avr5/libgcc.a(_sf_to_si.o)
                0x0000058a                __fixsfsi
 .text          0x0000062a        0x0 /usr/lib/gcc/avr/4.1.2/avr5/libgcc.a(_thenan_sf.o)
 .text          0x0000062a        0x0 /usr/lib/gcc/avr/4.1.2/avr5/libgcc.a(_prologue.o)
 .text          0x0000062a        0x0 /usr/lib/gcc/avr/4.1.2/avr5/libgcc.a(_epilogue.o)
 .text          0x0000062a      0x244 /usr/lib/gcc/avr/4.1.2/avr5/libgcc.a(_pack_sf.o)
                0x0000062a                __pack_f
 .text          0x0000086e      0x13e /usr/lib/gcc/avr/4.1.2/avr5/libgcc.a(_unpack_sf.o)
                0x0000086e                __unpack_f
 .text          0x000009ac        0x0 /usr/lib/gcc/avr/4.1.2/../../../../avr/lib/avr5/libc.a(floor.o)
 .text          0x000009ac        0x0 /usr/lib/gcc/avr/4.1.2/../../../../avr/lib/avr5/libc.a(fp_merge.o)
 .text          0x000009ac        0x0 /usr/lib/gcc/avr/4.1.2/../../../../avr/lib/avr5/libc.a(fp_split.o)
 .text          0x000009ac        0x0 /usr/lib/gcc/avr/4.1.2/../../../../avr/lib/avr5/libc.a(fp_zero.o)
 .text          0x000009ac        0x0 /usr/lib/gcc/avr/4.1.2/../../../../avr/lib/avr5/libc.a(fp_nan.o)
                0x000009ac                . = ALIGN (0x2)
 *(.text.*)
 .text.libgcc   0x000009ac       0x28 /usr/lib/gcc/avr/4.1.2/avr5/libgcc.a(_udivmodhi4.o)
                0x000009ac                __udivmodhi4
 .text.libgcc   0x000009d4        0x0 /usr/lib/gcc/avr/4.1.2/avr5/libgcc.a(_exit.o)
 .text.libgcc   0x000009d4        0x0 /usr/lib/gcc/avr/4.1.2/avr5/libgcc.a(_copy_data.o)
 .text.libgcc   0x000009d4        0x0 /usr/lib/gcc/avr/4.1.2/avr5/libgcc.a(_clear_bss.o)
 .text.libgcc   0x000009d4       0x38 /usr/lib/gcc/avr/4.1.2/avr5/libgcc.a(_prologue.o)
                0x000009d4                __prologue_saves__
 .text.libgcc   0x00000a0c       0x36 /usr/lib/gcc/avr/4.1.2/avr5/libgcc.a(_epilogue.o)
                0x00000a0c                __epilogue_restores__
 .text.fplib    0x00000a42       0x32 /usr/lib/gcc/avr/4.1.2/../../../../avr/lib/avr5/libc.a(floor.o)
                0x00000a42                floor
 .text.fplib    0x00000a74       0x3a /usr/lib/gcc/avr/4.1.2/../../../../avr/lib/avr5/libc.a(fp_merge.o)
                0x00000a7e                __fp_merge
 .text.fplib    0x00000aae       0x52 /usr/lib/gcc/avr/4.1.2/../../../../avr/lib/avr5/libc.a(fp_split.o)
                0x00000aae                __fp_split3
                0x00000ab4                __fp_split2
                0x00000ac6                __fp_split1
                0x00000ae2                __fp_split_a
 .text.fplib    0x00000b00        0xa /usr/lib/gcc/avr/4.1.2/../../../../avr/lib/avr5/libc.a(fp_zero.o)
                0x00000b00                __fp_zero
                0x00000b06                __fp_zerox
 .text.fplib    0x00000b0a        0x6 /usr/lib/gcc/avr/4.1.2/../../../../avr/lib/avr5/libc.a(fp_nan.o)
                0x00000b0a                __fp_nanERANGE
                0x00000b0a                __fp_nan
                0x00000b0a                __fp_nanEDOM
                0x00000b0a                __fp_nanx
                0x00000b10                . = ALIGN (0x2)
 *(.fini9)
 .fini9         0x00000b10        0x0 /usr/lib/gcc/avr/4.1.2/avr5/libgcc.a(_exit.o)
                0x00000b10                exit
                0x00000b10                _exit
 *(.fini9)
 *(.fini8)
 *(.fini8)
 *(.fini7)
 *(.fini7)
 *(.fini6)
 *(.fini6)
 *(.fini5)
 *(.fini5)
 *(.fini4)
 *(.fini4)
 *(.fini3)
 *(.fini3)
 *(.fini2)
 *(.fini2)
 *(.fini1)
 *(.fini1)
 *(.fini0)
 .fini0         0x00000b10        0x2 /usr/lib/gcc/avr/4.1.2/avr5/libgcc.a(_exit.o)
 *(.fini0)
                0x00000b12                _etext = .

.data           0x00800100        0x8 load address 0x00000b12
                0x00800100                PROVIDE (__data_start, .)
 *(.data)
 .data          0x00800100        0x0 /usr/lib/gcc/avr/4.1.2/../../../../avr/lib/avr5/crtm168.o
 .data          0x00800100        0x0 blink.o
 .data          0x00800100        0x0 /usr/lib/gcc/avr/4.1.2/avr5/libgcc.a(_udivmodhi4.o)
 .data          0x00800100        0x0 /usr/lib/gcc/avr/4.1.2/avr5/libgcc.a(_exit.o)
 .data          0x00800100        0x0 /usr/lib/gcc/avr/4.1.2/avr5/libgcc.a(_copy_data.o)
 .data          0x00800100        0x0 /usr/lib/gcc/avr/4.1.2/avr5/libgcc.a(_clear_bss.o)
 .data          0x00800100        0x0 /usr/lib/gcc/avr/4.1.2/avr5/libgcc.a(_addsub_sf.o)
 .data          0x00800100        0x0 /usr/lib/gcc/avr/4.1.2/avr5/libgcc.a(_si_to_sf.o)
 .data          0x00800100        0x0 /usr/lib/gcc/avr/4.1.2/avr5/libgcc.a(_sf_to_si.o)
 .data          0x00800100        0x8 /usr/lib/gcc/avr/4.1.2/avr5/libgcc.a(_thenan_sf.o)
                0x00800100                __thenan_sf
 .data          0x00800108        0x0 /usr/lib/gcc/avr/4.1.2/avr5/libgcc.a(_prologue.o)
 .data          0x00800108        0x0 /usr/lib/gcc/avr/4.1.2/avr5/libgcc.a(_epilogue.o)
 .data          0x00800108        0x0 /usr/lib/gcc/avr/4.1.2/avr5/libgcc.a(_pack_sf.o)
 .data          0x00800108        0x0 /usr/lib/gcc/avr/4.1.2/avr5/libgcc.a(_unpack_sf.o)
 .data          0x00800108        0x0 /usr/lib/gcc/avr/4.1.2/../../../../avr/lib/avr5/libc.a(floor.o)
 .data          0x00800108        0x0 /usr/lib/gcc/avr/4.1.2/../../../../avr/lib/avr5/libc.a(fp_merge.o)
 .data          0x00800108        0x0 /usr/lib/gcc/avr/4.1.2/../../../../avr/lib/avr5/libc.a(fp_split.o)
 .data          0x00800108        0x0 /usr/lib/gcc/avr/4.1.2/../../../../avr/lib/avr5/libc.a(fp_zero.o)
 .data          0x00800108        0x0 /usr/lib/gcc/avr/4.1.2/../../../../avr/lib/avr5/libc.a(fp_nan.o)
 *(.data*)
 *(.rodata)
 *(.rodata*)
 *(.gnu.linkonce.d*)
                0x00800108                . = ALIGN (0x2)
                0x00800108                _edata = .
                0x00800108                PROVIDE (__data_end, .)

.bss            0x00800108        0x2
                0x00800108                PROVIDE (__bss_start, .)
 *(.bss)
 .bss           0x00800108        0x0 /usr/lib/gcc/avr/4.1.2/../../../../avr/lib/avr5/crtm168.o
 .bss           0x00800108        0x0 blink.o
 .bss           0x00800108        0x0 /usr/lib/gcc/avr/4.1.2/avr5/libgcc.a(_udivmodhi4.o)
 .bss           0x00800108        0x0 /usr/lib/gcc/avr/4.1.2/avr5/libgcc.a(_exit.o)
 .bss           0x00800108        0x0 /usr/lib/gcc/avr/4.1.2/avr5/libgcc.a(_copy_data.o)
 .bss           0x00800108        0x0 /usr/lib/gcc/avr/4.1.2/avr5/libgcc.a(_clear_bss.o)
 .bss           0x00800108        0x0 /usr/lib/gcc/avr/4.1.2/avr5/libgcc.a(_addsub_sf.o)
 .bss           0x00800108        0x0 /usr/lib/gcc/avr/4.1.2/avr5/libgcc.a(_si_to_sf.o)
 .bss           0x00800108        0x0 /usr/lib/gcc/avr/4.1.2/avr5/libgcc.a(_sf_to_si.o)
 .bss           0x00800108        0x0 /usr/lib/gcc/avr/4.1.2/avr5/libgcc.a(_thenan_sf.o)
 .bss           0x00800108        0x0 /usr/lib/gcc/avr/4.1.2/avr5/libgcc.a(_prologue.o)
 .bss           0x00800108        0x0 /usr/lib/gcc/avr/4.1.2/avr5/libgcc.a(_epilogue.o)
 .bss           0x00800108        0x0 /usr/lib/gcc/avr/4.1.2/avr5/libgcc.a(_pack_sf.o)
 .bss           0x00800108        0x0 /usr/lib/gcc/avr/4.1.2/avr5/libgcc.a(_unpack_sf.o)
 .bss           0x00800108        0x0 /usr/lib/gcc/avr/4.1.2/../../../../avr/lib/avr5/libc.a(floor.o)
 .bss           0x00800108        0x0 /usr/lib/gcc/avr/4.1.2/../../../../avr/lib/avr5/libc.a(fp_merge.o)
 .bss           0x00800108        0x0 /usr/lib/gcc/avr/4.1.2/../../../../avr/lib/avr5/libc.a(fp_split.o)
 .bss           0x00800108        0x0 /usr/lib/gcc/avr/4.1.2/../../../../avr/lib/avr5/libc.a(fp_zero.o)
 .bss           0x00800108        0x0 /usr/lib/gcc/avr/4.1.2/../../../../avr/lib/avr5/libc.a(fp_nan.o)
 *(.bss*)
 *(COMMON)
 COMMON         0x00800108        0x2 blink.o
                0x00800108                error
                0x0080010a                PROVIDE (__bss_end, .)
                0x00000b12                __data_load_start = LOADADDR (.data)
                0x00000b1a                __data_load_end = (__data_load_start + SIZEOF (.data))

.noinit         0x0080010a        0x0
                0x0080010a                PROVIDE (__noinit_start, .)
 *(.noinit*)
                0x0080010a                PROVIDE (__noinit_end, .)
                0x0080010a                _end = .
                0x0080010a                PROVIDE (__heap_start, .)

.eeprom         0x00810000        0x0
 *(.eeprom*)
                0x00810000                __eeprom_end = .

.stab           0x00000000     0x2178
 *(.stab)
 .stab          0x00000000      0x378 /usr/lib/gcc/avr/4.1.2/../../../../avr/lib/avr5/crtm168.o
 .stab          0x00000378      0x4b0 blink.o
                                0x4bc (size before relaxing)
 .stab          0x00000828      0x750 /usr/lib/gcc/avr/4.1.2/avr5/libgcc.a(_addsub_sf.o)
                                0x75c (size before relaxing)
 .stab          0x00000f78      0x24c /usr/lib/gcc/avr/4.1.2/avr5/libgcc.a(_si_to_sf.o)
                                0x378 (size before relaxing)
 .stab          0x000011c4      0x240 /usr/lib/gcc/avr/4.1.2/avr5/libgcc.a(_sf_to_si.o)
                                0x36c (size before relaxing)
 .stab          0x00001404      0x12c /usr/lib/gcc/avr/4.1.2/avr5/libgcc.a(_thenan_sf.o)
                                0x258 (size before relaxing)
 .stab          0x00001530      0x3b4 /usr/lib/gcc/avr/4.1.2/avr5/libgcc.a(_pack_sf.o)
                                0x4e0 (size before relaxing)
 .stab          0x000018e4      0x27c /usr/lib/gcc/avr/4.1.2/avr5/libgcc.a(_unpack_sf.o)
                                0x3a8 (size before relaxing)
 .stab          0x00001b60      0x168 /usr/lib/gcc/avr/4.1.2/../../../../avr/lib/avr5/libc.a(floor.o)
                                0x174 (size before relaxing)
 .stab          0x00001cc8      0x198 /usr/lib/gcc/avr/4.1.2/../../../../avr/lib/avr5/libc.a(fp_merge.o)
                                0x1a4 (size before relaxing)
 .stab          0x00001e60      0x240 /usr/lib/gcc/avr/4.1.2/../../../../avr/lib/avr5/libc.a(fp_split.o)
                                0x24c (size before relaxing)
 .stab          0x000020a0       0x78 /usr/lib/gcc/avr/4.1.2/../../../../avr/lib/avr5/libc.a(fp_zero.o)
                                 0x84 (size before relaxing)
 .stab          0x00002118       0x60 /usr/lib/gcc/avr/4.1.2/../../../../avr/lib/avr5/libc.a(fp_nan.o)
                                 0x6c (size before relaxing)

.stabstr        0x00000000     0x3877
 *(.stabstr)
 .stabstr       0x00000000     0x3877 /usr/lib/gcc/avr/4.1.2/../../../../avr/lib/avr5/crtm168.o

.stab.excl
 *(.stab.excl)

.stab.exclstr
 *(.stab.exclstr)

.stab.index
 *(.stab.index)

.stab.indexstr
 *(.stab.indexstr)

.comment
 *(.comment)

.debug
 *(.debug)

.line
 *(.line)

.debug_srcinfo
 *(.debug_srcinfo)

.debug_sfnames
 *(.debug_sfnames)

.debug_aranges
 *(.debug_aranges)

.debug_pubnames
 *(.debug_pubnames)

.debug_info
 *(.debug_info)
 *(.gnu.linkonce.wi.*)

.debug_abbrev
 *(.debug_abbrev)

.debug_line
 *(.debug_line)

.debug_frame
 *(.debug_frame)

.debug_str
 *(.debug_str)

.debug_loc
 *(.debug_loc)

.debug_macinfo
 *(.debug_macinfo)
OUTPUT(blink.elf elf32-avr)
